{
  "deep_failures": 71,
  "categories": {
    "miss_or_convention": 70,
    "fragmented_partial": 1
  },
  "pages": {
    "Reichs_Post_Reuter_1700-11-16_0001": 25,
    "Leipziger_Zeitung_1748-10-29_0001": 2,
    "Fraenkischer_Kurier_1834-10-15_0002": 5,
    "Neue_Berliner_Musikzeitung_1866-07-18_0002": 15,
    "Mode_und_Haus_Illustrirte_Kinderwelt_1889-09-15_0001": 2,
    "Muenchner_Neueste_Nachrichten_1917-04-10_0001": 10,
    "Koelnische_Zeitung_1924_0001": 11,
    "Vossische_Zeitung_1933-03-04_0002": 1
  },
  "contributors_capped_at4": {
    "0": 63,
    "1": 6,
    "2": 1,
    "4": 1
  }
}
