730277879_82 0.824 0.831
AphoqvSuS_88 0.822 0.822
albedm_83742 0.968 0.957
berirev_8670 0.897 0.889
DasWeL_87568 0.805 0.797
culmsent_799 0.851 0.820
euanaua_8425 0.859 0.880
herrleyc_749 0.844 0.850
AmmoLIBR_895 0.835 0.857
BrenBreu_879 0.926 0.933
baltdiss_774 0.909 0.916
geomeikud_82 0.815 0.815
backhart_768 0.804 0.804
hackherz_664 0.791 0.761
heptaldai_82 0.682 0.667
herrkurt_737 0.665 0.665
852691769_85 0.685 0.685
branchri_782 0.903 0.903
chridiss_672 0.724 0.698
extraudeu_63 0.903 0.897
durrgeda_735 0.800 0.800
emmeprac_858 0.802 0.788
erobdefoa_66 0.983 0.983
herbdulc_715 0.846 0.849
AyrmThes_877 0.856 0.845
bankgraf_665 0.899 0.918
brochrnx_730 0.865 0.914
caladr_68232 0.758 0.758
aepidisp_656 0.933 0.924
baurodwe_665 0.869 0.881
dalarie_7220 0.926 0.956
goclprop_699 0.918 0.913
buchdas_7991 0.806 0.789
busmexpo_742 0.869 0.840
cingdei_8350 0.868 0.853
eberbrev_770 0.830 0.824
briedefra_78 0.919 0.954
brieetli_738 0.912 0.921
chiamerk_766 0.951 0.966
erasexom_816 0.786 0.778
688357687_68 0.707 0.724
canitrac_789 0.749 0.744
ferrepit_667 0.838 0.825
hermhyst_816 0.536 0.571
brieetli_738 0.899 0.904
brochrnx_730 0.970 0.970
geomeikud_82 0.883 0.913
herrleyc_749 0.886 0.886
BiedBern_873 0.865 0.940
abdipre_7740 0.927 0.903
branchri_782 0.910 0.893
caladr_68232 0.869 0.851
