730277879_82 échec  0 ≤0.5c 99.19 pire   0.56 iou 0.935 ✓ exclues 0
AphoqvSuS_88 échec  0 ≤0.5c 98.84 pire   0.57 iou 0.930 ✓ exclues 0
albedm_83742 échec  0 ≤0.5c 100.0 pire   0.35 iou 0.954 ✓ exclues 0
berirev_8670 échec  1 ≤0.5c 99.49 pire   0.54 iou 0.963 ✗ exclues 0
DasWeL_87568 échec  1 ≤0.5c 100.0 pire   0.44 iou 0.937 ✗ exclues 0
culmsent_799 échec  0 ≤0.5c 99.37 pire   0.53 iou 0.896 ✓ exclues 0
euanaua_8425 échec  0 ≤0.5c 100.0 pire   0.48 iou 0.884 ✓ exclues 0
herrleyc_749 échec  0 ≤0.5c 100.0 pire   0.29 iou 0.943 ✓ exclues 0
AmmoLIBR_895 échec  0 ≤0.5c 98.44 pire   0.63 iou 0.950 ✓ exclues 0
BrenBreu_879 échec  0 ≤0.5c 99.12 pire   0.52 iou 0.919 ✓ exclues 1
baltdiss_774 échec  2 ≤0.5c 100.0 pire   0.38 iou 0.946 ✗ exclues 1
geomeikud_82 échec  0 ≤0.5c 100.0 pire   0.41 iou 0.902 ✓ exclues 0
backhart_768 échec  0 ≤0.5c 100.0 pire   0.32 iou 0.912 ✓ exclues 0
hackherz_664 échec  5 ≤0.5c  98.3 pire   8.79 iou 0.918 ✗ exclues 2
heptaldai_82 échec  0 ≤0.5c 99.42 pire    1.1 iou 0.870 ✓ exclues 0
herrkurt_737 échec  1 ≤0.5c  95.0 pire   1.13 iou 0.897 ✗ exclues 1
852691769_85 échec  6 ≤0.5c 100.0 pire   0.47 iou 0.946 ✗ exclues 0
branchri_782 échec  0 ≤0.5c 99.05 pire   0.69 iou 0.938 ✓ exclues 0
chridiss_672 échec  1 ≤0.5c 100.0 pire   0.19 iou 0.961 ✗ exclues 0
extraudeu_63 échec  0 ≤0.5c 98.39 pire   1.91 iou 0.957 ✓ exclues 0
durrgeda_735 échec  4 ≤0.5c 100.0 pire   0.31 iou 0.942 ✗ exclues 0
emmeprac_858 échec  0 ≤0.5c 99.69 pire   0.56 iou 0.929 ✓ exclues 4
erobdefoa_66 échec  0 ≤0.5c 100.0 pire    0.0 iou 0.966 ✓ exclues 0
herbdulc_715 échec  1 ≤0.5c 100.0 pire   0.43 iou 0.966 ✗ exclues 1
AyrmThes_877 échec  1 ≤0.5c 100.0 pire   0.34 iou 0.976 ✗ exclues 1
bankgraf_665 échec  0 ≤0.5c 100.0 pire   0.44 iou 0.944 ✓ exclues 0
brochrnx_730 échec  2 ≤0.5c 100.0 pire   0.21 iou 0.966 ✗ exclues 0
caladr_68232 échec  0 ≤0.5c 100.0 pire   0.49 iou 0.972 ✓ exclues 0
aepidisp_656 échec  1 ≤0.5c 100.0 pire   0.46 iou 0.943 ✗ exclues 0
baurodwe_665 échec  1 ≤0.5c 99.09 pire   0.64 iou 0.934 ✗ exclues 0
dalarie_7220 échec  0 ≤0.5c 100.0 pire   0.16 iou 0.931 ✓ exclues 0
goclprop_699 échec  1 ≤0.5c 100.0 pire   0.49 iou 0.951 ✗ exclues 0
buchdas_7991 échec  1 ≤0.5c  99.2 pire   0.92 iou 0.929 ✗ exclues 0
busmexpo_742 échec  0 ≤0.5c 100.0 pire    0.4 iou 0.902 ✓ exclues 0
cingdei_8350 échec  0 ≤0.5c 98.74 pire    0.6 iou 0.913 ✓ exclues 1
eberbrev_770 échec  0 ≤0.5c 97.26 pire   0.68 iou 0.951 ✓ exclues 0
briedefra_78 échec  0 ≤0.5c 99.59 pire   1.21 iou 0.919 ✓ exclues 0
brieetli_738 échec  0 ≤0.5c 100.0 pire   0.46 iou 0.971 ✓ exclues 0
chiamerk_766 échec  0 ≤0.5c 100.0 pire    0.0 iou 0.943 ✓ exclues 0
erasexom_816 échec  0 ≤0.5c 100.0 pire   0.49 iou 0.946 ✓ exclues 8
688357687_68 échec  1 ≤0.5c  99.3 pire   0.99 iou 0.922 ✗ exclues 0
canitrac_789 échec  0 ≤0.5c 96.36 pire   0.82 iou 0.942 ✓ exclues 0
ferrepit_667 échec  0 ≤0.5c 100.0 pire   0.35 iou 0.947 ✓ exclues 2
hermhyst_816 échec  2 ≤0.5c 100.0 pire   0.29 iou 0.965 ✗ exclues 0
CRITERE ✓ 27 / 44
