730277879_82 échec  0 ≤0.5c 99.19 pire   0.56 iou 0.922 ✓ exclues 0
AphoqvSuS_88 échec  0 ≤0.5c 98.84 pire   0.73 iou 0.954 ✓ exclues 0
albedm_83742 échec  0 ≤0.5c 100.0 pire   0.35 iou 0.951 ✓ exclues 0
berirev_8670 échec  0 ≤0.5c 100.0 pire    0.4 iou 0.951 ✓ exclues 0
DasWeL_87568 échec  3 ≤0.5c 100.0 pire   0.39 iou 0.938 ✗ exclues 0
culmsent_799 échec  0 ≤0.5c 99.37 pire   0.53 iou 0.900 ✓ exclues 0
euanaua_8425 échec  1 ≤0.5c 100.0 pire   0.27 iou 0.925 ✗ exclues 0
herrleyc_749 échec  0 ≤0.5c 100.0 pire   0.29 iou 0.926 ✓ exclues 0
AmmoLIBR_895 échec  0 ≤0.5c 98.44 pire   0.57 iou 0.948 ✓ exclues 0
BrenBreu_879 échec  1 ≤0.5c 99.12 pire   0.58 iou 0.920 ✗ exclues 1
baltdiss_774 échec  1 ≤0.5c 100.0 pire   0.38 iou 0.929 ✗ exclues 1
geomeikud_82 échec  1 ≤0.5c 100.0 pire   0.43 iou 0.899 ✗ exclues 0
backhart_768 échec  0 ≤0.5c 100.0 pire   0.28 iou 0.899 ✓ exclues 0
hackherz_664 échec  4 ≤0.5c 98.41 pire   8.79 iou 0.908 ✗ exclues 1
heptaldai_82 échec  0 ≤0.5c 99.42 pire    1.1 iou 0.811 ✓ exclues 0
herrkurt_737 échec  2 ≤0.5c 99.07 pire   0.64 iou 0.887 ✗ exclues 0
852691769_85 échec  6 ≤0.5c 99.38 pire   0.64 iou 0.938 ✗ exclues 0
branchri_782 échec  0 ≤0.5c 99.68 pire   0.69 iou 0.911 ✓ exclues 0
chridiss_672 échec  0 ≤0.5c 100.0 pire   0.23 iou 0.876 ✓ exclues 0
extraudeu_63 échec  3 ≤0.5c 100.0 pire   0.34 iou 0.949 ✗ exclues 0
durrgeda_735 échec  3 ≤0.5c 100.0 pire   0.31 iou 0.937 ✗ exclues 0
emmeprac_858 échec  2 ≤0.5c 99.69 pire   0.56 iou 0.923 ✗ exclues 2
erobdefoa_66 échec  0 ≤0.5c 100.0 pire    0.0 iou 0.966 ✓ exclues 0
herbdulc_715 échec  1 ≤0.5c 99.64 pire   0.87 iou 0.939 ✗ exclues 1
AyrmThes_877 échec  1 ≤0.5c 100.0 pire   0.34 iou 0.966 ✗ exclues 1
bankgraf_665 échec  0 ≤0.5c 100.0 pire   0.44 iou 0.944 ✓ exclues 0
brochrnx_730 échec  2 ≤0.5c 100.0 pire   0.31 iou 0.965 ✗ exclues 0
caladr_68232 échec  0 ≤0.5c 100.0 pire   0.49 iou 0.960 ✓ exclues 0
aepidisp_656 échec  0 ≤0.5c 99.67 pire   0.55 iou 0.938 ✓ exclues 0
baurodwe_665 échec  0 ≤0.5c 99.56 pire   0.64 iou 0.927 ✓ exclues 0
dalarie_7220 échec  0 ≤0.5c 100.0 pire   0.16 iou 0.931 ✓ exclues 0
goclprop_699 échec  2 ≤0.5c 100.0 pire   0.49 iou 0.952 ✗ exclues 0
buchdas_7991 échec  2 ≤0.5c 99.13 pire   0.61 iou 0.917 ✗ exclues 1
busmexpo_742 échec  0 ≤0.5c 100.0 pire   0.44 iou 0.907 ✓ exclues 0
cingdei_8350 échec  0 ≤0.5c 98.74 pire    0.6 iou 0.905 ✓ exclues 1
eberbrev_770 échec  0 ≤0.5c 97.95 pire   0.68 iou 0.946 ✓ exclues 0
briedefra_78 échec  0 ≤0.5c 99.59 pire   1.11 iou 0.917 ✓ exclues 0
brieetli_738 échec  0 ≤0.5c 100.0 pire   0.46 iou 0.973 ✓ exclues 0
chiamerk_766 échec  0 ≤0.5c 100.0 pire    0.0 iou 0.940 ✓ exclues 0
erasexom_816 échec  1 ≤0.5c 100.0 pire   0.38 iou 0.939 ✗ exclues 7
688357687_68 échec  1 ≤0.5c 100.0 pire   0.23 iou 0.904 ✗ exclues 0
canitrac_789 échec  0 ≤0.5c 96.36 pire   0.72 iou 0.928 ✓ exclues 0
ferrepit_667 échec  0 ≤0.5c 100.0 pire   0.32 iou 0.947 ✓ exclues 2
hermhyst_816 échec  2 ≤0.5c 100.0 pire   0.29 iou 0.971 ✗ exclues 0
CRITERE ✓ 25 / 44
W03b {'lignes': 0, 'egales': 0, 'deplacees': 0, 'frontieres': 0}
