730277879_82 échec  0 ≤0.5c 92.68 pire   1.33 iou 0.929 ✗ exclues 0
AphoqvSuS_88 échec  0 ≤0.5c 98.84 pire   2.47 iou 0.972 ✓ exclues 0
albedm_83742 échec  0 ≤0.5c 99.34 pire   1.03 iou 0.954 ✓ exclues 0
berirev_8670 échec  0 ≤0.5c 97.96 pire   1.54 iou 0.970 ✓ exclues 0
DasWeL_87568 échec  3 ≤0.5c  98.8 pire   1.47 iou 0.943 ✗ exclues 0
culmsent_799 échec  0 ≤0.5c 99.37 pire   1.15 iou 0.923 ✓ exclues 0
euanaua_8425 échec  2 ≤0.5c 95.31 pire   1.15 iou 0.925 ✗ exclues 0
herrleyc_749 échec  0 ≤0.5c  98.0 pire   1.64 iou 0.947 ✓ exclues 0
AmmoLIBR_895 échec  0 ≤0.5c 96.88 pire   0.76 iou 0.946 ✓ exclues 0
BrenBreu_879 échec  1 ≤0.5c 100.0 pire   0.15 iou 0.941 ✗ exclues 1
baltdiss_774 échec  1 ≤0.5c 100.0 pire   0.42 iou 0.945 ✗ exclues 1
geomeikud_82 échec  1 ≤0.5c 98.81 pire   0.77 iou 0.911 ✗ exclues 0
backhart_768 échec  0 ≤0.5c 97.58 pire   1.12 iou 0.915 ✓ exclues 0
hackherz_664 échec  4 ≤0.5c 94.18 pire   8.79 iou 0.929 ✗ exclues 1
heptaldai_82 échec  0 ≤0.5c 97.08 pire    1.3 iou 0.886 ✓ exclues 0
herrkurt_737 échec  2 ≤0.5c 89.77 pire   1.88 iou 0.906 ✗ exclues 0
852691769_85 échec  6 ≤0.5c 91.98 pire   5.93 iou 0.950 ✗ exclues 0
branchri_782 échec  0 ≤0.5c 97.78 pire   1.05 iou 0.943 ✓ exclues 0
chridiss_672 échec  0 ≤0.5c 99.63 pire   1.19 iou 0.919 ✓ exclues 0
extraudeu_63 échec  4 ≤0.5c 99.07 pire   0.54 iou 0.960 ✗ exclues 0
durrgeda_735 échec  3 ≤0.5c 98.21 pire   1.19 iou 0.941 ✗ exclues 0
emmeprac_858 échec  2 ≤0.5c 97.52 pire   1.84 iou 0.945 ✗ exclues 2
erobdefoa_66 échec  0 ≤0.5c 100.0 pire    0.0 iou 0.967 ✓ exclues 0
herbdulc_715 échec  1 ≤0.5c 96.01 pire   2.11 iou 0.951 ✗ exclues 1
AyrmThes_877 échec  1 ≤0.5c 100.0 pire   0.26 iou 0.982 ✗ exclues 1
bankgraf_665 échec  0 ≤0.5c 96.35 pire   2.19 iou 0.944 ✓ exclues 0
brochrnx_730 échec  2 ≤0.5c 94.26 pire   0.98 iou 0.965 ✗ exclues 0
caladr_68232 échec  0 ≤0.5c 100.0 pire   0.27 iou 0.953 ✓ exclues 0
aepidisp_656 échec  0 ≤0.5c 99.34 pire   1.13 iou 0.944 ✓ exclues 0
baurodwe_665 échec  0 ≤0.5c 98.22 pire   1.51 iou 0.935 ✓ exclues 0
dalarie_7220 échec  0 ≤0.5c  97.3 pire   1.39 iou 0.929 ✓ exclues 0
goclprop_699 échec  2 ≤0.5c 100.0 pire   0.02 iou 0.968 ✗ exclues 0
buchdas_7991 échec  2 ≤0.5c 94.78 pire   1.43 iou 0.948 ✗ exclues 1
busmexpo_742 échec  0 ≤0.5c 100.0 pire    0.0 iou 0.938 ✓ exclues 0
cingdei_8350 échec  0 ≤0.5c 98.74 pire   1.96 iou 0.927 ✓ exclues 1
eberbrev_770 échec  0 ≤0.5c 100.0 pire   0.44 iou 0.958 ✓ exclues 0
briedefra_78 échec  0 ≤0.5c 98.37 pire    1.7 iou 0.918 ✓ exclues 0
brieetli_738 échec  0 ≤0.5c 96.81 pire   1.16 iou 0.971 ✓ exclues 0
chiamerk_766 échec  0 ≤0.5c 98.28 pire   2.02 iou 0.942 ✓ exclues 0
erasexom_816 échec  1 ≤0.5c 99.31 pire   1.16 iou 0.952 ✗ exclues 7
688357687_68 échec  1 ≤0.5c  97.2 pire   0.95 iou 0.914 ✗ exclues 0
canitrac_789 échec  0 ≤0.5c 94.55 pire   1.16 iou 0.942 ✗ exclues 0
ferrepit_667 échec  0 ≤0.5c 100.0 pire   0.43 iou 0.970 ✓ exclues 2
hermhyst_816 échec  2 ≤0.5c  75.0 pire   2.92 iou 0.971 ✗ exclues 0
CRITERE ✓ 23 / 44
