730277879_82 avant:4/0 T01a:4/0 T01ab:4/0
AphoqvSuS_88 avant:4/2 T01a:4/2 T01ab:4/2
albedm_83742 avant:0/0 T01a:0/0 T01ab:0/0
berirev_8670 avant:12/0 T01a:12/0 T01ab:12/0
DasWeL_87568 avant:13/10 T01a:13/10 T01ab:13/10
culmsent_799 avant:3/1 T01a:3/1 T01ab:3/1
euanaua_8425 avant:1/1 T01a:1/1 T01ab:1/1
herrleyc_749 avant:11/8 T01a:11/8 T01ab:11/8
AmmoLIBR_895 avant:1/0 T01a:1/0 T01ab:1/0
BrenBreu_879 avant:9/1 T01a:9/1 T01ab:9/1
baltdiss_774 avant:6/0 T01a:6/0 T01ab:6/0
geomeikud_82 avant:17/1 T01a:17/1 T01ab:17/1
hackherz_664 avant:12/1 T01a:12/1 T01ab:12/1
heptaldai_82 avant:13/9 T01a:13/9 T01ab:13/9
herrkurt_737 avant:33/28 T01a:33/28 T01ab:33/28
852691769_85 avant:12/0 T01a:12/0 T01ab:12/0
branchri_782 avant:9/6 T01a:9/6 T01ab:9/6
chridiss_672 avant:8/4 T01a:8/4 T01ab:8/4
extraudeu_63 avant:47/43 T01a:47/43 T01ab:47/43
durrgeda_735 avant:3/1 T01a:3/1 T01ab:3/1
emmeprac_858 avant:20/9 T01a:20/9 T01ab:20/9
erobdefoa_66 avant:1/0 T01a:1/0 T01ab:1/0
herbdulc_715 avant:8/4 T01a:8/4 T01ab:8/4
AyrmThes_877 avant:3/1 T01a:3/1 T01ab:3/1
bankgraf_665 avant:4/2 T01a:4/2 T01ab:4/2
brochrnx_730 avant:4/2 T01a:4/2 T01ab:4/2
aepidisp_656 avant:5/2 T01a:5/2 T01ab:5/2
baurodwe_665 avant:9/2 T01a:9/2 T01ab:9/2
dalarie_7220 avant:0/0 T01a:0/0 T01ab:0/0
goclprop_699 avant:17/9 T01a:17/9 T01ab:17/9
buchdas_7991 avant:45/37 T01a:45/37 T01ab:45/37
busmexpo_742 avant:7/2 T01a:7/2 T01ab:7/2
cingdei_8350 avant:18/13 T01a:18/13 T01ab:18/13
eberbrev_770 avant:19/14 T01a:19/14 T01ab:19/14
briedefra_78 avant:1/1 T01a:1/1 T01ab:1/1
brieetli_738 avant:11/8 T01a:11/8 T01ab:11/8
chiamerk_766 avant:2/0 T01a:2/0 T01ab:2/0
erasexom_816 avant:25/4 T01a:25/4 T01ab:25/4
688357687_68 avant:10/7 T01a:10/7 T01ab:10/7
canitrac_789 avant:7/4 T01a:5/4 T01ab:5/4
ferrepit_667 avant:3/0 T01a:3/0 T01ab:3/0
hermhyst_816 avant:25/23 T01a:25/23 T01ab:25/23
brieetli_738 avant:10/0 T01a:10/0 T01ab:10/0
brochrnx_730 avant:2/1 T01a:2/1 T01ab:2/1
geomeikud_82 avant:5/4 T01a:5/4 T01ab:5/4
herrleyc_749 avant:3/2 T01a:3/2 T01ab:3/2
BiedBern_873 avant:2/1 T01a:2/1 T01ab:2/1
abdipre_7740 avant:4/0 T01a:2/0 T01ab:2/0
branchri_782 avant:5/3 T01a:5/3 T01ab:5/3
caladr_68232 avant:18/11 T01a:18/11 T01ab:10/3
