730277879_82 échec  0 ≤0.5c 94.31 pire   1.05 iou 0.929 ✗ exclues 0
AphoqvSuS_88 échec  0 ≤0.5c 98.84 pire   2.47 iou 0.967 ✓ exclues 0
albedm_83742 échec  0 ≤0.5c 98.68 pire   1.03 iou 0.952 ✓ exclues 0
berirev_8670 échec  0 ≤0.5c 96.94 pire   1.54 iou 0.966 ✓ exclues 0
DasWeL_87568 échec  3 ≤0.5c  98.8 pire   1.47 iou 0.943 ✗ exclues 0
culmsent_799 échec  0 ≤0.5c 99.37 pire   1.15 iou 0.922 ✓ exclues 0
euanaua_8425 échec  1 ≤0.5c 98.53 pire   0.79 iou 0.925 ✗ exclues 0
herrleyc_749 échec  0 ≤0.5c 98.67 pire   1.64 iou 0.947 ✓ exclues 0
AmmoLIBR_895 échec  0 ≤0.5c 100.0 pire   0.43 iou 0.950 ✓ exclues 0
BrenBreu_879 échec  1 ≤0.5c 100.0 pire   0.02 iou 0.941 ✗ exclues 1
baltdiss_774 échec  1 ≤0.5c 100.0 pire   0.14 iou 0.944 ✗ exclues 1
geomeikud_82 échec  1 ≤0.5c 100.0 pire   0.28 iou 0.910 ✗ exclues 0
backhart_768 échec  0 ≤0.5c 98.39 pire   1.12 iou 0.914 ✓ exclues 0
hackherz_664 échec  4 ≤0.5c 92.06 pire   8.79 iou 0.925 ✗ exclues 1
heptaldai_82 échec  0 ≤0.5c 97.66 pire    1.1 iou 0.884 ✓ exclues 0
herrkurt_737 échec  2 ≤0.5c 92.09 pire   1.88 iou 0.903 ✗ exclues 0
852691769_85 échec  6 ≤0.5c 97.53 pire   5.93 iou 0.954 ✗ exclues 0
branchri_782 échec  0 ≤0.5c 98.73 pire   0.96 iou 0.943 ✓ exclues 0
chridiss_672 échec  0 ≤0.5c 99.26 pire   1.19 iou 0.906 ✓ exclues 0
extraudeu_63 échec  3 ≤0.5c 99.14 pire   0.54 iou 0.959 ✗ exclues 0
durrgeda_735 échec  3 ≤0.5c 98.21 pire   1.19 iou 0.942 ✗ exclues 0
emmeprac_858 échec  2 ≤0.5c 96.58 pire   1.84 iou 0.942 ✗ exclues 2
erobdefoa_66 échec  0 ≤0.5c 100.0 pire    0.0 iou 0.966 ✓ exclues 0
herbdulc_715 échec  1 ≤0.5c 96.74 pire   1.72 iou 0.952 ✗ exclues 1
AyrmThes_877 échec  1 ≤0.5c 100.0 pire   0.26 iou 0.979 ✗ exclues 1
bankgraf_665 échec  0 ≤0.5c 97.81 pire   2.19 iou 0.944 ✓ exclues 0
brochrnx_730 échec  2 ≤0.5c 99.18 pire   0.97 iou 0.965 ✗ exclues 0
caladr_68232 échec  0 ≤0.5c 100.0 pire   0.23 iou 0.949 ✓ exclues 0
aepidisp_656 échec  0 ≤0.5c 100.0 pire   0.26 iou 0.943 ✓ exclues 0
baurodwe_665 échec  0 ≤0.5c 99.11 pire   1.51 iou 0.934 ✓ exclues 0
dalarie_7220 échec  0 ≤0.5c 100.0 pire    0.0 iou 0.931 ✓ exclues 0
goclprop_699 échec  2 ≤0.5c 100.0 pire    0.0 iou 0.965 ✗ exclues 0
buchdas_7991 échec  2 ≤0.5c 93.91 pire    1.7 iou 0.945 ✗ exclues 1
busmexpo_742 échec  0 ≤0.5c 100.0 pire   0.04 iou 0.935 ✓ exclues 0
cingdei_8350 échec  0 ≤0.5c 98.74 pire   1.96 iou 0.920 ✓ exclues 1
eberbrev_770 échec  0 ≤0.5c 100.0 pire   0.13 iou 0.960 ✓ exclues 0
briedefra_78 échec  0 ≤0.5c 100.0 pire   0.08 iou 0.919 ✓ exclues 0
brieetli_738 échec  0 ≤0.5c 97.87 pire   1.16 iou 0.971 ✓ exclues 0
chiamerk_766 échec  0 ≤0.5c 99.43 pire   0.84 iou 0.942 ✓ exclues 0
erasexom_816 échec  1 ≤0.5c 100.0 pire   0.26 iou 0.951 ✗ exclues 7
688357687_68 échec  1 ≤0.5c 100.0 pire   0.13 iou 0.914 ✗ exclues 0
canitrac_789 échec  0 ≤0.5c 97.58 pire   1.16 iou 0.943 ✓ exclues 0
ferrepit_667 échec  0 ≤0.5c 100.0 pire    0.0 iou 0.971 ✓ exclues 2
hermhyst_816 échec  2 ≤0.5c  75.0 pire   2.92 iou 0.971 ✗ exclues 0
CRITERE ✓ 24 / 44
W03b {'lignes': 577, 'egales': 476, 'deplacees': 427, 'frontieres': 2354}
