730277879_82 échec  0 ≤0.5c 99.19 pire   0.56 iou 0.929 ✓ exclues 0
AphoqvSuS_88 échec  0 ≤0.5c 98.84 pire   0.78 iou 0.961 ✓ exclues 0
albedm_83742 échec  0 ≤0.5c 100.0 pire   0.35 iou 0.954 ✓ exclues 0
berirev_8670 échec  0 ≤0.5c 100.0 pire    0.4 iou 0.960 ✓ exclues 0
DasWeL_87568 échec  1 ≤0.5c 100.0 pire   0.44 iou 0.938 ✗ exclues 0
culmsent_799 échec  0 ≤0.5c 99.37 pire   0.53 iou 0.910 ✓ exclues 0
euanaua_8425 échec  0 ≤0.5c 100.0 pire   0.48 iou 0.927 ✓ exclues 0
herrleyc_749 échec  0 ≤0.5c 100.0 pire   0.29 iou 0.950 ✓ exclues 0
AmmoLIBR_895 échec  0 ≤0.5c 98.44 pire   0.63 iou 0.948 ✓ exclues 0
BrenBreu_879 échec  0 ≤0.5c 99.12 pire   0.58 iou 0.921 ✓ exclues 1
baltdiss_774 échec  1 ≤0.5c 100.0 pire   0.38 iou 0.946 ✗ exclues 1
geomeikud_82 échec  0 ≤0.5c 100.0 pire   0.43 iou 0.908 ✓ exclues 0
backhart_768 échec  0 ≤0.5c 100.0 pire   0.32 iou 0.911 ✓ exclues 0
hackherz_664 échec  2 ≤0.5c 98.45 pire   8.79 iou 0.919 ✗ exclues 2
heptaldai_82 échec  0 ≤0.5c 99.42 pire    1.1 iou 0.862 ✓ exclues 0
herrkurt_737 échec  0 ≤0.5c 95.56 pire   1.13 iou 0.912 ✓ exclues 1
852691769_85 échec  6 ≤0.5c 100.0 pire   0.47 iou 0.950 ✗ exclues 0
branchri_782 échec  0 ≤0.5c 99.68 pire   0.69 iou 0.935 ✓ exclues 0
chridiss_672 échec  0 ≤0.5c 100.0 pire   0.23 iou 0.940 ✓ exclues 0
extraudeu_63 échec  0 ≤0.5c 100.0 pire   0.34 iou 0.958 ✓ exclues 0
durrgeda_735 échec  2 ≤0.5c 100.0 pire   0.31 iou 0.941 ✗ exclues 0
emmeprac_858 échec  0 ≤0.5c 99.69 pire   0.56 iou 0.933 ✓ exclues 4
erobdefoa_66 échec  0 ≤0.5c 100.0 pire    0.0 iou 0.966 ✓ exclues 0
herbdulc_715 échec  1 ≤0.5c 100.0 pire   0.38 iou 0.961 ✗ exclues 1
AyrmThes_877 échec  1 ≤0.5c 100.0 pire   0.34 iou 0.975 ✗ exclues 1
bankgraf_665 échec  0 ≤0.5c 100.0 pire   0.44 iou 0.946 ✓ exclues 0
brochrnx_730 échec  2 ≤0.5c 100.0 pire   0.21 iou 0.967 ✗ exclues 0
caladr_68232 échec  0 ≤0.5c 100.0 pire   0.49 iou 0.972 ✓ exclues 0
aepidisp_656 échec  0 ≤0.5c 99.67 pire   0.55 iou 0.942 ✓ exclues 0
baurodwe_665 échec  0 ≤0.5c 99.56 pire   0.64 iou 0.935 ✓ exclues 0
dalarie_7220 échec  0 ≤0.5c 100.0 pire   0.16 iou 0.932 ✓ exclues 0
goclprop_699 échec  1 ≤0.5c 100.0 pire   0.49 iou 0.953 ✗ exclues 0
buchdas_7991 échec  0 ≤0.5c 99.22 pire   0.61 iou 0.931 ✓ exclues 0
busmexpo_742 échec  0 ≤0.5c 100.0 pire   0.44 iou 0.925 ✓ exclues 0
cingdei_8350 échec  0 ≤0.5c 98.74 pire    0.6 iou 0.914 ✓ exclues 1
eberbrev_770 échec  0 ≤0.5c 97.95 pire   0.68 iou 0.954 ✓ exclues 0
briedefra_78 échec  0 ≤0.5c 99.59 pire   1.11 iou 0.918 ✓ exclues 0
brieetli_738 échec  0 ≤0.5c 100.0 pire   0.46 iou 0.971 ✓ exclues 0
chiamerk_766 échec  0 ≤0.5c 100.0 pire    0.0 iou 0.942 ✓ exclues 0
erasexom_816 échec  0 ≤0.5c 100.0 pire   0.38 iou 0.949 ✓ exclues 8
688357687_68 échec  1 ≤0.5c 100.0 pire   0.05 iou 0.918 ✗ exclues 0
canitrac_789 échec  0 ≤0.5c 96.36 pire   0.72 iou 0.938 ✓ exclues 0
ferrepit_667 échec  0 ≤0.5c 100.0 pire   0.32 iou 0.947 ✓ exclues 2
hermhyst_816 échec  2 ≤0.5c 100.0 pire   0.29 iou 0.971 ✗ exclues 0
CRITERE ✓ 33 / 44
