AphoqvSuS_88 0.822 0.822
culmsent_799 0.851 0.830
AmmoLIBR_895 0.835 0.879
BrenBreu_879 0.926 0.933
baltdiss_774 0.909 0.916
852691769_85 0.685 0.685
chridiss_672 0.724 0.701
emmeprac_858 0.802 0.800
erobdefoa_66 0.983 0.983
AyrmThes_877 0.856 0.845
caladr_68232 0.758 0.758
aepidisp_656 0.933 0.933
goclprop_699 0.918 0.913
busmexpo_742 0.869 0.847
cingdei_8350 0.868 0.858
eberbrev_770 0.830 0.824
erasexom_816 0.786 0.786
canitrac_789 0.749 0.754
ferrepit_667 0.838 0.838
abdipre_7740 0.927 0.903
caladr_68232 0.869 0.863
AphoqvSuS_88 0.909 0.909
AyrmThes_877 0.607 0.619
BrenBreu_879 0.934 0.934
culmsent_799 0.881 0.876
